
[1m[46m RUN [49m[22m [36mv4.1.2 [39m[90mC:/Users/israe/aplicatvo marry[39m

 [31mÔØ»[39m src/__tests__/client-shop.test.tsx [2m([22m[2m2 tests[22m[2m | [22m[31m1 failed[39m[2m)[22m[32m 47[2mms[22m[39m
[31m     [31m├ù[31m deve renderizar o layout principal e o placeholder "Sua vitrine est├í sendo montada"[39m[32m 39[2mms[22m[39m
     [32mÔ£ô[39m deve renderizar os produtos sugeridos (listas) e parceiros[32m 5[2mms[22m[39m

[2m Test Files [22m [1m[31m1 failed[39m[22m[90m (1)[39m
[2m      Tests [22m [1m[31m1 failed[39m[22m[2m | [22m[1m[32m1 passed[39m[22m[90m (2)[39m
[2m   Start at [22m 04:03:54
[2m   Duration [22m 1.57s[2m (transform 95ms, setup 179ms, import 459ms, tests 47ms, environment 693ms)[22m

